// Jest Snapshot v1, https://goo.gl/fbAQLP

exports[`Pruebas en <GifGrid /> debe de mostrar items cuando se carga im√°genes useFetchGifs 1`] = `
<Fragment>
  <h3
    className="animate__animated animate__fadeIn"
  >
     
    Batman
  </h3>
  <div
    className="card-grid"
  >
    <GifGridItem
      id="ABC"
      key="ABC"
      title="Cualquier cosa"
      url="https://localhost/blablabla.jpg"
    />
  </div>
</Fragment>
`;

exports[`Pruebas en <GifGrid /> debe de mostrarse correctamente 1`] = `
<Fragment>
  <h3
    className="animate__animated animate__fadeIn"
  >
     
    Batman
  </h3>
  <p
    className="animate__animated animate__flash"
  >
    Loading
  </p>
  <div
    className="card-grid"
  />
</Fragment>
`;
